[vinhomegrand-park.com/index.html]
[vinhomegrand-park.com/uploads/version/logo-cty-ico-20250530193734rBEMIlvHnw.ico]
[backblue.gif]
[fade.gif]
[index.html]
[vinhomegrand-park.com/uploads/version/anh-du-an-vinhome-grand-park-1-jpg-20250227155400cktRN2MiIY.jpg]
[vinhomegrand-park.com/templates/css37a3.css]
[vinhomegrand-park.com/scripts/jquery37a3.js]
[vinhomegrand-park.com/uploads/qch/logo-vinhomegranpark-jpg-20250530200805iZYOWPuyKj.jpg]
[vinhomegrand-park.com/scripts/vegas/vegas.min.css]
[vinhomegrand-park.com/the-opus-one/index.html]
[vinhomegrand-park.com/scripts/vegas/vegas.min.js]
[vinhomegrand-park.com/imgs/layout/bg_hotline.png]
[vinhomegrand-park.com/scripts/capcha/dongian.jpg]
[vinhomegrand-park.com/uploads/video/khu-do-thi-vinhome-grand-park-1740716034-jkb68.jpg]
[vinhomegrand-park.com/uploads/qch/hinh-anh-quang-cao-can-ho-the-opus-one-jpg-20250301231225vp2psKugDO.jpg]
[vinhomegrand-park.com/thong-tin-the-opus-one/index.html]
[vinhomegrand-park.com/uploads/noidung/images/mat-bang-tien-ich-vinhome-grand-park(1).jpg]
[vinhomegrand-park.com/librarys/matbang1681a.html]
[vinhomegrand-park.com/librarys/matbang41a6a.html]
[vinhomegrand-park.com/uploads/noidung/images/tien-ich-du-an-vinhome-grand-park-19.jpg]
[vinhomegrand-park.com/uploads/noidung/images/tien-ich-du-an-vinhome-grand-park-1.jpg]
[vinhomegrand-park.com/mat-bang-toa-os1/index.html]
[vinhomegrand-park.com/uploads/noidung/images/tien-ich-du-an-vinhome-grand-park-3.jpg]
[vinhomegrand-park.com/uploads/noidung/images/tien-ich-du-an-vinhome-grand-park-5(1).jpg]
[vinhomegrand-park.com/uploads/noidung/images/tien-ich-du-an-vinhome-grand-park-7(1).jpg]
[vinhomegrand-park.com/librarys/matbang7e27e.html]
[vinhomegrand-park.com/uploads/noidung/images/mat-bang-cac-toa-du-an-vinhome-grand-park.jpg]
[vinhomegrand-park.com/mat-bang-toa-os5/index.html]
[vinhomegrand-park.com/uploads/noidung/images/mat-bang-tang-2-phan-khu-the-opus-one-2.jpg]
[vinhomegrand-park.com/uploads/noidung/images/thiet-ke-can-ho-studio-the-opus-one(1).jpg]
[vinhomegrand-park.com/uploads/noidung/images/thiet-ke-can-ho-1pn-the-opus-one(1).jpg]
[vinhomegrand-park.com/uploads/noidung/images/thiet-ke-can-ho-2pn-the-opus-one(1).jpg]
[vinhomegrand-park.com/gia-ban-can-ho-1pn/index.html]
[vinhomegrand-park.com/uploads/noidung/images/thiet-ke-can-ho-3pn-the-opus-one(1).jpg]
[vinhomegrand-park.com/librarys/matbang16d61c.html]
[vinhomegrand-park.com/uploads/noidung/images/bang-tinh-khong-vay-ngan-hang-the-opus-one-1pn(1).jpg]
[vinhomegrand-park.com/librarys/matbang133a9f.html]
[vinhomegrand-park.com/uploads/tt_hinh/nha-mau-du-an-1740674508-WtwYb.jpg]
[vinhomegrand-park.com/the-beverly/index.html]
[vinhomegrand-park.com/uploads/tt_hinh/nha-mau-du-an-1740674509-xob4I.jpg]
[vinhomegrand-park.com/uploads/tt_hinh/nha-mau-du-an-1740674509-9Suh7.jpg]
[vinhomegrand-park.com/uploads/tt_hinh/nha-mau-du-an-1740674509-Uw1sP.jpg]
[vinhomegrand-park.com/uploads/tt_hinh/nha-mau-du-an-1740674509-XccBf.jpg]
[vinhomegrand-park.com/uploads/tt_hinh/nha-mau-du-an-1740674509-Lrkgg.jpg]
[vinhomegrand-park.com/the-origami/index.html]
[vinhomegrand-park.com/uploads/tt_hinh/nha-mau-du-an-1740674509-GY0zn.jpg]
[vinhomegrand-park.com/uploads/tt_hinh/nha-mau-du-an-1740674509-wINmH.jpg]
[vinhomegrand-park.com/uploads/tt_hinh/nha-mau-du-an-1740674597-LPjhW.jpg]
[vinhomegrand-park.com/uploads/tt_hinh/nha-mau-du-an-1740674646-IwfLl.jpg]
[vinhomegrand-park.com/tin-tuc/index.html]
[vinhomegrand-park.com/uploads/tt_hinh/nha-mau-du-an-1740674684-wS7mO.jpg]
[vinhomegrand-park.com/scripts/royalslider/assets/royalslider/royalslider.css]
[vinhomegrand-park.com/scripts/royalslider/assets/royalslider/skins/default/rs-default.css]
[vinhomegrand-park.com/scripts/royalslider/assets/royalslider/jquery.royalslider.min.js]
[vinhomegrand-park.com/lien-he/index.html]
[vinhomegrand-park.com/librarys/matbang198803.html]
[vinhomegrand-park.com/uploads/baiviet/cap-nhat-so-tai-khoan-chu-dau-tu-du-an-vinhome-grand-park-1749194392-gum4k.jpg]
[vinhomegrand-park.com/uploads/baiviet/hinh-anh-thuc-te-tai-du-an-vinhome-grand-park-long-thanh-my-tp-thu-duc-tp-hcm-1749039541-bnsw4_thum.jpg]
[vinhomegrand-park.com/uploads/baiviet/tien-ich-du-an-vinhome-grand-park-dang-cap-song-tai-dai-do-thi-thong-minh-1749013438-vpcmw_thum.jpg]
[vinhomegrand-park.com/imgs/layout/icon_1.png]
[vinhomegrand-park.com/dang-ky-nhan-thong-tin/index.html]
[vinhomegrand-park.com/imgs/layout/icon_6.png]
[vinhomegrand-park.com/imgs/layout/icon_4.png]
[vinhomegrand-park.com/imgs/layout/icon_3.png]
[vinhomegrand-park.com/cap-nhat-so-tai-khoan-du-an-vinhome-grand-park-bv16/index.html]
[vinhomegrand-park.com/uploads/qch/logo-the-opus-one-jpg-20250227155450mjqcevw2kb-jpg-202505301959065JahPJd4VY.jpg]
[vinhomegrand-park.com/uploads/qch/logo-the-origami-jpg-20250602124737boeWkWZpTY.jpg]
[vinhomegrand-park.com/imgs/layout/zalo-icon.png]
[vinhomegrand-park.com/imgs/layout/phone-icon.png]
[vinhomegrand-park.com/hinh-anh-thuc-te-tai-du-an-vinhome-grand-park-long-thanh-my-tp-thu-duc-tp-hcm-bv15/index.html]
[vinhomegrand-park.com/librarys/xuly_count7e7c.html]
[vinhomegrand-park.com/scripts/wow/animate.css]
[vinhomegrand-park.com/scripts/wow/wow.min.js]
[vinhomegrand-park.com/templates/font-awesome/css/font-awesome.min.css]
[vinhomegrand-park.com/tien-ich-du-an-vinhome-grand-park-dang-cap-song-tai-dai-do-thi-thong-minh-bv14/index.html]
[vinhomegrand-park.com/templates/font-awesome-pro/svg-with-js/js/fontawesome-all.min.js]
[vinhomegrand-park.com/scripts/fancyBox/source/jquery.fancybox.css]
[vinhomegrand-park.com/scripts/fancyBox/source/jquery.fancybox.pack.js]
[vinhomegrand-park.com/scripts/fancyBox/source/helpers/jquery.fancybox-thumbs.css]
[vinhomegrand-park.com/thu-vien/index.html]
[vinhomegrand-park.com/scripts/fancyBox/source/helpers/jquery.fancybox-thumbs.js]
[vinhomegrand-park.com/scripts/nav-highlighter/jquery.navHighlighter.js]
[vinhomegrand-park.com/scripts/sticky-kit.min.js]
[vinhomegrand-park.com/scripts/frame_script.js]
[connect.facebook.net/vi_VN/sdk.js]
[apis.google.com/js/platform.js]
[vinhomegrand-park.com/index.html]
[vinhomegrand-park.com/templates/font-face/Kanit-Regulard41d.eot]
[vinhomegrand-park.com/templates/font-face/Kanit-Regular.woff]
[vinhomegrand-park.com/templates/font-face/Kanit-Regular.ttf]
[vinhomegrand-park.com/templates/font-face/Kanit-Regular.svg]
[vinhomegrand-park.com/imgs/layout/bg_logo.png]
[vinhomegrand-park.com/imgs/layout/AjaxLoader.gif]
[vinhomegrand-park.com/imgs/layout/icon_11.png]
[vinhomegrand-park.com/imgs/layout/bg_dktt.png]
[vinhomegrand-park.com/imgs/layout/icon_9.png]
[vinhomegrand-park.com/imgs/layout/bg_phongthuy.png]
[vinhomegrand-park.com/imgs/layout/icon_10.png]
[vinhomegrand-park.com/imgs/layout/icon_17.png]
[vinhomegrand-park.com/imgs/layout/fancy_1.png]
[vinhomegrand-park.com/imgs/layout/fancy_2.png]
[vinhomegrand-park.com/imgs/layout/fancy_3.png]
[vinhomegrand-park.com/imgs/layout/icontag.png]
[vinhomegrand-park.com/imgs/layout/menu_mobile.png]
[vinhomegrand-park.com/imgs/layout/arrown_menu_accordion.png]
[vinhomegrand-park.com/templates/css37a3.css]
[vinhomegrand-park.com/the-opus-one/uploads/version/logo-cty-ico-20250530193734rBEMIlvHnw.ico]
[vinhomegrand-park.com/uploads/danhmuc/the-opus-one-1748844145-1he57.jpg]
[vinhomegrand-park.com/templates/css6bed.css]
[vinhomegrand-park.com/scripts/jquery6bed.js]
[vinhomegrand-park.com/uploads/danhmuc/the-opus-one-1740651234-ah1ze.jpg]
[vinhomegrand-park.com/imgs/layout/icon_7.png]
[vinhomegrand-park.com/uploads/danhmuc/thong-tin-toa-opus-one-1748844119-qsidw.jpg]
[vinhomegrand-park.com/uploads/danhmuc/mat-bang-toa-os5-1749031748-hso4r.jpg]
[vinhomegrand-park.com/uploads/danhmuc/mat-bang-toa-os1-1749031342-pm6jf.jpg]
[vinhomegrand-park.com/the-opus-one/index.html]
[vinhomegrand-park.com/uploads/danhmuc/gia-ban-thanh-toan-can-1pn-1749197707-ti74w.jpg]
[vinhomegrand-park.com/thong-tin-the-opus-one/uploads/version/logo-cty-ico-20250530193734rBEMIlvHnw.ico]
[vinhomegrand-park.com/templates/css65f8.css]
[vinhomegrand-park.com/scripts/jquery65f8.js]
[vinhomegrand-park.com/imgs/layout/img-demo/background.png]
[vinhomegrand-park.com/uploads/noidung/images/hinh-anh-phan-khu-the-opus-one-3.jpg]
[vinhomegrand-park.com/uploads/noidung/images/vi-tri-du-an-the-opus-one-vinhome-grand-park.jpg]
[vinhomegrand-park.com/uploads/noidung/images/tien-ich-du-an-the-opus-one-1.jpg]
[vinhomegrand-park.com/uploads/noidung/images/tien-ich-du-an-the-opus-one-2.jpg]
[vinhomegrand-park.com/uploads/noidung/images/tien-ich-du-an-the-opus-one-3.jpg]
[vinhomegrand-park.com/uploads/noidung/images/tien-ich-du-an-the-opus-one-4.jpg]
[vinhomegrand-park.com/uploads/noidung/images/tien-ich-du-an-the-opus-one(1).jpg]
[vinhomegrand-park.com/uploads/noidung/images/mat-bang-tang-2-phan-khu-the-opus-one(2).jpg]
[vinhomegrand-park.com/uploads/noidung/images/mat-bang-tang-15-34-phan-khu-the-opus-one-1.jpg]
[vinhomegrand-park.com/uploads/noidung/images/thiet-ke-can-ho-studio-the-opus-one.jpg]
[vinhomegrand-park.com/mat-bang-os1/index.html]
[vinhomegrand-park.com/uploads/noidung/images/thiet-ke-can-ho-1pn-the-opus-one.jpg]
[vinhomegrand-park.com/uploads/noidung/images/thiet-ke-can-ho-2pn-the-opus-one.jpg]
[vinhomegrand-park.com/uploads/noidung/images/thiet-ke-can-ho-3pn-the-opus-one.jpg]
[vinhomegrand-park.com/uploads/noidung/images/opus.jpg]
[vinhomegrand-park.com/uploads/tt_hinh/thong-tin-toa-opus-one-1748844175-KZh2.jpg]
[vinhomegrand-park.com/mat-bang-os5/index.html]
[vinhomegrand-park.com/uploads/tt_hinh/thong-tin-toa-opus-one-1748844178-loJsN.jpg]
[vinhomegrand-park.com/uploads/tt_hinh/thong-tin-toa-opus-one-1748844178-WeKFz.jpg]
[vinhomegrand-park.com/uploads/tt_hinh/thong-tin-toa-opus-one-1748844178-MxwcO.jpg]
[vinhomegrand-park.com/uploads/tt_hinh/thong-tin-toa-opus-one-1748844178-BxRW0.jpg]
[vinhomegrand-park.com/uploads/tt_hinh/thong-tin-toa-opus-one-1748844178-wQkcG.jpg]
[vinhomegrand-park.com/uploads/tt_hinh/thong-tin-toa-opus-one-1748844178-34ake.jpg]
[vinhomegrand-park.com/uploads/tt_hinh/thong-tin-toa-opus-one-1748844178-jh3tE.jpg]
[vinhomegrand-park.com/uploads/tt_hinh/thong-tin-toa-opus-one-1748844178-WVGRf.jpg]
[vinhomegrand-park.com/uploads/tt_hinh/thong-tin-toa-opus-one-1748844178-WrSGW.jpg]
[vinhomegrand-park.com/uploads/noidung/images/vat-lieu-ban-giao-the-opus-one-1.jpg]
[vinhomegrand-park.com/uploads/noidung/images/vat-lieu-ban-giao-the-opus-one-2.jpg]
[vinhomegrand-park.com/thong-tin-the-opus-one/index.html]
[vinhomegrand-park.com/mat-bang-toa-os1/uploads/version/logo-cty-ico-20250530193734rBEMIlvHnw.ico]
[vinhomegrand-park.com/templates/css4a5f.css]
[vinhomegrand-park.com/scripts/jquery4a5f.js]
[vinhomegrand-park.com/uploads/noidung/images/mat-bang-tong-the-phan-khu-the-opus-one(2).jpg]
[vinhomegrand-park.com/uploads/noidung/images/mat-bang-shophouse-phan-khu-the-opus-one.jpg]
[vinhomegrand-park.com/uploads/noidung/images/mat-bang-tang-2-phan-khu-the-opus-one.jpg]
[vinhomegrand-park.com/uploads/noidung/images/mat-bang-tang-4-13-phan-khu-the-opus-one.jpg]
[vinhomegrand-park.com/uploads/noidung/images/mat-bang-tang-15-34-phan-khu-the-opus-one.jpg]
[vinhomegrand-park.com/uploads/noidung/images/thiet-ke-can-ho-studio-the-opus-one(2).jpg]
[vinhomegrand-park.com/uploads/noidung/images/thiet-ke-can-ho-1pn-the-opus-one(2).jpg]
[vinhomegrand-park.com/uploads/noidung/images/thiet-ke-can-ho-2pn-the-opus-one(2).jpg]
[vinhomegrand-park.com/mat-bang-toa-os1/index.html]
[vinhomegrand-park.com/uploads/noidung/images/thiet-ke-can-ho-3pn-the-opus-one(2).jpg]
[vinhomegrand-park.com/mat-bang-toa-os5/uploads/version/logo-cty-ico-20250530193734rBEMIlvHnw.ico]
[vinhomegrand-park.com/templates/css91bf.css]
[vinhomegrand-park.com/scripts/jquery91bf.js]
[vinhomegrand-park.com/uploads/noidung/images/mat-bang-shophouse-phan-khu-the-opus-one(1).jpg]
[vinhomegrand-park.com/uploads/noidung/images/mat-bang-tang-2-phan-khu-the-opus-one(1).jpg]
[vinhomegrand-park.com/uploads/noidung/images/mat-bang-tang-3-phan-khu-the-opus-one(1).jpg]
[vinhomegrand-park.com/uploads/noidung/images/mat-bang-tang-4-13-phan-khu-the-opus-one(1).jpg]
[vinhomegrand-park.com/mat-bang-toa-os5/index.html]
[vinhomegrand-park.com/uploads/noidung/images/mat-bang-tang-15-34-phan-khu-the-opus-one(1).jpg]
[vinhomegrand-park.com/gia-ban-can-ho-1pn/uploads/version/logo-cty-ico-20250530193734rBEMIlvHnw.ico]
[vinhomegrand-park.com/templates/css7a89.css]
[vinhomegrand-park.com/scripts/jquery7a89.js]
[vinhomegrand-park.com/uploads/noidung/images/mat-bang-tong-the-opus-one.jpg]
[vinhomegrand-park.com/uploads/noidung/images/thiet-ke-can-ho-1pn-the-opus-one(3).jpg]
[vinhomegrand-park.com/uploads/noidung/images/bang-tinh-khong-vay-ngan-hang-the-opus-one-1pn.jpg]
[vinhomegrand-park.com/uploads/noidung/images/bang-tinh-vay-ngan-hang-the-opus-one-1pn.jpg]
[vinhomegrand-park.com/uploads/tt_hinh/gia-ban-can-ho-1pn-1749310265-HSDKJ.jpg]
[vinhomegrand-park.com/uploads/tt_hinh/gia-ban-can-ho-1pn-1749310265-uKUY1.jpg]
[vinhomegrand-park.com/uploads/tt_hinh/gia-ban-can-ho-1pn-1749310265-tE2C.jpg]
[vinhomegrand-park.com/uploads/tt_hinh/gia-ban-can-ho-1pn-1749310265-NJaLs.jpg]
[vinhomegrand-park.com/uploads/tt_hinh/gia-ban-can-ho-1pn-1749310264-VvL6.jpg]
[vinhomegrand-park.com/uploads/noidung/images/nha-mau-1-phong-ngu-the-opus-one-1.jpg]
[vinhomegrand-park.com/uploads/noidung/images/nha-mau-1-phong-ngu-the-opus-one-3.jpg]
[vinhomegrand-park.com/uploads/noidung/images/nha-mau-1-phong-ngu-the-opus-one-2.jpg]
[vinhomegrand-park.com/gia-ban-can-ho-1pn/index.html]
[vinhomegrand-park.com/the-beverly/uploads/version/logo-cty-ico-20250530193734rBEMIlvHnw.ico]
[vinhomegrand-park.com/templates/cssc7d1.css]
[vinhomegrand-park.com/the-beverly/index.html]
[vinhomegrand-park.com/scripts/jqueryc7d1.js]
[vinhomegrand-park.com/the-origami/uploads/version/logo-cty-ico-20250530193734rBEMIlvHnw.ico]
[vinhomegrand-park.com/templates/css122c.css]
[vinhomegrand-park.com/the-origami/index.html]
[vinhomegrand-park.com/scripts/jquery122c.js]
[vinhomegrand-park.com/tin-tuc/uploads/version/logo-cty-ico-20250530193734rBEMIlvHnw.ico]
[vinhomegrand-park.com/templates/css8cf5.css]
[vinhomegrand-park.com/scripts/jquery8cf5.js]
[vinhomegrand-park.com/uploads/baiviet/cap-nhat-so-tai-khoan-chu-dau-tu-du-an-vinhome-grand-park-1749194392-gum4k_thum.jpg]
[vinhomegrand-park.com/tin-tuc/index.html]
[vinhomegrand-park.com/lien-he/uploads/version/logo-cty-ico-20250530193734rBEMIlvHnw.ico]
[vinhomegrand-park.com/templates/css00e6.css]
[vinhomegrand-park.com/scripts/jquery00e6.js]
[vinhomegrand-park.com/imgs/layout/img-demo/bg_phone.png]
[vinhomegrand-park.com/lien-he/index.html]
[vinhomegrand-park.com/scripts/vegas/overlays/02.png]
[vinhomegrand-park.com/scripts/vegas/vegas.min.css]
[vinhomegrand-park.com/imgs/layout/bg_hotline.html]
[vinhomegrand-park.com/templates/css.css]
[vinhomegrand-park.com/dang-ky-nhan-thong-tin/index.html]
[vinhomegrand-park.com/librarys/matbang1681a.html]
[vinhomegrand-park.com/scripts/jquery.js]
[vinhomegrand-park.com/uploads/noidung/images/vi-tri-du-an-vinhome-grand-park-2(2).jpg]
[vinhomegrand-park.com/uploads/noidung/images/vi-tri-du-an-vinhome-grand-park-3(1).jpg]
[vinhomegrand-park.com/librarys/matbang41a6a.html]
[vinhomegrand-park.com/uploads/noidung/images/vi-tri-du-an-vinhome-grand-park-4.jpg]
[vinhomegrand-park.com/librarys/matbang7e27e.html]
[vinhomegrand-park.com/librarys/matbang16d61c.html]
[vinhomegrand-park.com/librarys/matbang133a9f.html]
[vinhomegrand-park.com/scripts/royalslider/assets/royalslider/grab.png]
[vinhomegrand-park.com/scripts/royalslider/assets/royalslider/grabbing.png]
[vinhomegrand-park.com/scripts/royalslider/assets/royalslider/blank.gif]
[vinhomegrand-park.com/scripts/royalslider/assets/royalslider/royalslider.css]
[vinhomegrand-park.com/scripts/royalslider/assets/royalslider/skins/default/rs-default.png]
[vinhomegrand-park.com/scripts/royalslider/assets/royalslider/skins/default/rs-default.css]
[vinhomegrand-park.com/scripts/royalslider/assets/royalslider/skins/preloaders/preloader-white.gif]
[vinhomegrand-park.com/librarys/matbang198803.html]
[vinhomegrand-park.com/cap-nhat-so-tai-khoan-du-an-vinhome-grand-park-bv16/uploads/version/logo-cty-ico-20250530193734rBEMIlvHnw.ico]
[vinhomegrand-park.com/templates/cssd77a.css]
[vinhomegrand-park.com/scripts/jqueryd77a.js]
[vinhomegrand-park.com/uploads/noidung/images/so-tai-khoan-vhg(1).jpg]
[vinhomegrand-park.com/cap-nhat-so-tai-khoan-du-an-vinhome-grand-park-bv16/index.html]
[vinhomegrand-park.com/tim-kiem/Cập/index.html]
[vinhomegrand-park.com/hinh-anh-thuc-te-tai-du-an-vinhome-grand-park-long-thanh-my-tp-thu-duc-tp-hcm-bv15/uploads/version/logo-cty-ico-20250530193734rBEMIlvHnw.ico]
[vinhomegrand-park.com/uploads/baiviet/hinh-anh-thuc-te-tai-du-an-vinhome-grand-park-long-thanh-my-tp-thu-duc-tp-hcm-1749039541-bnsw4.jpg]
[vinhomegrand-park.com/tim-kiem/nhật/index.html]
[vinhomegrand-park.com/templates/css42bd.css]
[vinhomegrand-park.com/scripts/jquery42bd.js]
[vinhomegrand-park.com/uploads/noidung/images/hinh-anh-thuc-te-vinhome-grand-park-1.jpg]
[vinhomegrand-park.com/uploads/noidung/images/hinh-anh-thuc-te-vinhome-grand-park-3.jpg]
[vinhomegrand-park.com/uploads/noidung/images/hinh-anh-thuc-te-vinhome-grand-park-17.jpg]
[vinhomegrand-park.com/tim-kiem/số/index.html]
[vinhomegrand-park.com/tim-kiem/tài/index.html]
[vinhomegrand-park.com/uploads/noidung/images/hinh-anh-thuc-te-vinhome-grand-park-11.jpg]
[vinhomegrand-park.com/uploads/noidung/images/hinh-anh-thuc-te-vinhome-grand-park-2.jpg]
[vinhomegrand-park.com/uploads/noidung/images/hinh-anh-thuc-te-vinhome-grand-park-4.jpg]
[vinhomegrand-park.com/tim-kiem/khoản/index.html]
[vinhomegrand-park.com/uploads/noidung/images/hinh-anh-thuc-te-vinhome-grand-park-6.jpg]
[vinhomegrand-park.com/uploads/noidung/images/hinh-anh-thuc-te-vinhome-grand-park-16.jpg]
[vinhomegrand-park.com/hinh-anh-thuc-te-tai-du-an-vinhome-grand-park-long-thanh-my-tp-thu-duc-tp-hcm-bv15/index.html]
[vinhomegrand-park.com/tim-kiem/chủ/index.html]
[vinhomegrand-park.com/tien-ich-du-an-vinhome-grand-park-dang-cap-song-tai-dai-do-thi-thong-minh-bv14/uploads/version/logo-cty-ico-20250530193734rBEMIlvHnw.ico]
[vinhomegrand-park.com/tim-kiem/đầu/index.html]
[vinhomegrand-park.com/uploads/baiviet/tien-ich-du-an-vinhome-grand-park-dang-cap-song-tai-dai-do-thi-thong-minh-1749013438-vpcmw.jpg]
[vinhomegrand-park.com/tim-kiem/án/index.html]
[vinhomegrand-park.com/templates/css3b1e.css]
[vinhomegrand-park.com/tim-kiem/dự/index.html]
[vinhomegrand-park.com/scripts/jquery3b1e.js]
[vinhomegrand-park.com/uploads/noidung/images/tien-ich-du-an-vinhome-grand-park-1(1).jpg]
[vinhomegrand-park.com/uploads/noidung/images/tien-ich-du-an-vinhome-grand-park-2.jpg]
[vinhomegrand-park.com/uploads/noidung/images/tien-ich-du-an-vinhome-grand-park-3(1).jpg]
[vinhomegrand-park.com/tim-kiem/Grand/index.html]
[vinhomegrand-park.com/tim-kiem/Vinhome/index.html]
[vinhomegrand-park.com/tim-kiem/tư/index.html]
[vinhomegrand-park.com/uploads/noidung/images/tien-ich-du-an-vinhome-grand-park-4.jpg]
[vinhomegrand-park.com/uploads/noidung/images/tien-ich-du-an-vinhome-grand-park-5(2).jpg]
[vinhomegrand-park.com/uploads/noidung/images/tien-ich-du-an-vinhome-grand-park-6.jpg]
[vinhomegrand-park.com/uploads/noidung/images/tien-ich-du-an-vinhome-grand-park-7.jpg]
[vinhomegrand-park.com/tim-kiem/Park/index.html]
[vinhomegrand-park.com/uploads/noidung/images/tien-ich-du-an-vinhome-grand-park-9.jpg]
[vinhomegrand-park.com/uploads/noidung/images/tien-ich-du-an-vinhome-grand-park-8.jpg]
[vinhomegrand-park.com/uploads/noidung/images/tien-ich-du-an-vinhome-grand-park-10.jpg]
[vinhomegrand-park.com/uploads/noidung/images/tien-ich-du-an-vinhome-grand-park-11.jpg]
[vinhomegrand-park.com/uploads/noidung/images/tien-ich-du-an-vinhome-grand-park-12.jpg]
[vinhomegrand-park.com/tim-kiem/Hình-ảnh-thực-tế-tại-dự-án-Vinhome-Grand-Park-Long-Thạnh-Mỹ/index.html]
[vinhomegrand-park.com/uploads/noidung/images/tien-ich-du-an-vinhome-grand-park-13.jpg]
[vinhomegrand-park.com/uploads/noidung/images/tien-ich-du-an-vinhome-grand-park-14.jpg]
[vinhomegrand-park.com/uploads/noidung/images/tien-ich-du-an-vinhome-grand-park-15.jpg]
[vinhomegrand-park.com/uploads/noidung/images/tien-ich-du-an-vinhome-grand-park-16.jpg]
[vinhomegrand-park.com/tien-ich-du-an-vinhome-grand-park-dang-cap-song-tai-dai-do-thi-thong-minh-bv14/index.html]
[vinhomegrand-park.com/tim-kiem/TP-Thủ-Đức/index.html]
[vinhomegrand-park.com/thu-vien/index.html]
[vinhomegrand-park.com/tim-kiem/TP-HCM/index.html]
[vinhomegrand-park.com/tim-kiem/hinh-anh-thuc-te-tai-du-an-vinhome-grand-park-long-thanh-my-tp-thu-duc-tp-hcm/index.html]
[vinhomegrand-park.com/librarys/xuly_count7e7c.html]
[vinhomegrand-park.com/scripts/wow/animate.css]
[vinhomegrand-park.com/tim-kiem/Tiện/index.html]
[vinhomegrand-park.com/templates/font-awesome/fonts/fontawesome-webfont3e6e.eot]
[vinhomegrand-park.com/tim-kiem/ích/index.html]
[vinhomegrand-park.com/templates/font-awesome/fonts/fontawesome-webfontd41d.eot]
[vinhomegrand-park.com/templates/font-awesome/fonts/fontawesome-webfont3e6e.woff2]
[vinhomegrand-park.com/templates/font-awesome/fonts/fontawesome-webfont3e6e.woff]
[vinhomegrand-park.com/templates/font-awesome/fonts/fontawesome-webfont3e6e.ttf]
[vinhomegrand-park.com/templates/font-awesome/css/font-awesome.min.css]
[vinhomegrand-park.com/templates/font-awesome/fonts/fontawesome-webfont3e6e.svg]
[vinhomegrand-park.com/scripts/fancyBox/source/fancybox_sprite.png]
[vinhomegrand-park.com/scripts/fancyBox/source/fancybox_loading.gif]
[vinhomegrand-park.com/scripts/fancyBox/source/blank.gif]
[vinhomegrand-park.com/scripts/fancyBox/source/fancybox_overlay.png]
[vinhomegrand-park.com/scripts/fancyBox/source/fancybox_sprite@2x.png]
[vinhomegrand-park.com/scripts/fancyBox/source/jquery.fancybox.css]
[vinhomegrand-park.com/scripts/fancyBox/source/fancybox_loading@2x.gif]
[vinhomegrand-park.com/scripts/fancyBox/source/helpers/jquery.fancybox-thumbs.css]
[connect.facebook.net/vi_VN/sdk.js]
[vinhomegrand-park.com/templates/font-face/Kanit-Regular.svg]
[vinhomegrand-park.com/the-opus-one/uploads/version/logo-cty-ico-20250530193734rBEMIlvHnw.html]
[vinhomegrand-park.com/templates/css6bed.css]
[vinhomegrand-park.com/thong-tin-the-opus-one/uploads/version/logo-cty-ico-20250530193734rBEMIlvHnw.html]
[vinhomegrand-park.com/templates/css65f8.css]
[vinhomegrand-park.com/mat-bang-os1/index.html]
[vinhomegrand-park.com/mat-bang-os5/index.html]
[vinhomegrand-park.com/mat-bang-toa-os1/uploads/version/logo-cty-ico-20250530193734rBEMIlvHnw.html]
[vinhomegrand-park.com/templates/css4a5f.css]
[vinhomegrand-park.com/mat-bang-toa-os5/uploads/version/logo-cty-ico-20250530193734rBEMIlvHnw.html]
[vinhomegrand-park.com/templates/css91bf.css]
[vinhomegrand-park.com/gia-ban-can-ho-1pn/uploads/version/logo-cty-ico-20250530193734rBEMIlvHnw.html]
[vinhomegrand-park.com/templates/css7a89.css]
[vinhomegrand-park.com/the-beverly/uploads/version/logo-cty-ico-20250530193734rBEMIlvHnw.html]
[vinhomegrand-park.com/templates/cssc7d1.css]
[vinhomegrand-park.com/the-origami/uploads/version/logo-cty-ico-20250530193734rBEMIlvHnw.html]
[vinhomegrand-park.com/templates/css122c.css]
[vinhomegrand-park.com/tin-tuc/uploads/version/logo-cty-ico-20250530193734rBEMIlvHnw.html]
[vinhomegrand-park.com/templates/css8cf5.css]
[vinhomegrand-park.com/lien-he/uploads/version/logo-cty-ico-20250530193734rBEMIlvHnw.html]
[vinhomegrand-park.com/templates/css00e6.css]
[vinhomegrand-park.com/templates/css.css]
[vinhomegrand-park.com/cap-nhat-so-tai-khoan-du-an-vinhome-grand-park-bv16/uploads/version/logo-cty-ico-20250530193734rBEMIlvHnw.html]
[vinhomegrand-park.com/templates/cssd77a.css]
[vinhomegrand-park.com/tim-kiem/Cập/index.html]
[vinhomegrand-park.com/tim-kiem/nhật/index.html]
[vinhomegrand-park.com/tim-kiem/số/index.html]
[vinhomegrand-park.com/tim-kiem/tài/index.html]
[vinhomegrand-park.com/tim-kiem/khoản/index.html]
[vinhomegrand-park.com/tim-kiem/chủ/index.html]
[vinhomegrand-park.com/tim-kiem/đầu/index.html]
[vinhomegrand-park.com/tim-kiem/tư/index.html]
[vinhomegrand-park.com/tim-kiem/dự/index.html]
[vinhomegrand-park.com/tim-kiem/án/index.html]
[vinhomegrand-park.com/tim-kiem/Vinhome/uploads/version/logo-cty-ico-20250530193734rBEMIlvHnw.ico]
[vinhomegrand-park.com/templates/css71f4.css]
[vinhomegrand-park.com/scripts/jquery71f4.js]
[vinhomegrand-park.com/imgs/layout/img-demo/slide02.png]
[vinhomegrand-park.com/tim-kiem/Vinhome/index.html]
[vinhomegrand-park.com/tim-kiem/Grand/uploads/version/logo-cty-ico-20250530193734rBEMIlvHnw.ico]
[vinhomegrand-park.com/tim-kiem/Grand/index.html]
[vinhomegrand-park.com/tim-kiem/Park/uploads/version/logo-cty-ico-20250530193734rBEMIlvHnw.ico]
[vinhomegrand-park.com/templates/cssea14.css]
[vinhomegrand-park.com/tim-kiem/Park/index.html]
[vinhomegrand-park.com/hinh-anh-thuc-te-tai-du-an-vinhome-grand-park-long-thanh-my-tp-thu-duc-tp-hcm-bv15/uploads/version/logo-cty-ico-20250530193734rBEMIlvHnw.html]
[vinhomegrand-park.com/templates/css42bd.css]
[vinhomegrand-park.com/tim-kiem/Hình-ảnh-thực-tế-tại-dự-án-Vinhome-Grand-Park-Long-Thạnh-Mỹ/index.html]
[vinhomegrand-park.com/tim-kiem/TP-Thủ-Đức/index.html]
[vinhomegrand-park.com/scripts/jqueryea14.js]
[vinhomegrand-park.com/tim-kiem/TP-HCM/uploads/version/logo-cty-ico-20250530193734rBEMIlvHnw.ico]
[vinhomegrand-park.com/templates/css968d.css]
[vinhomegrand-park.com/tim-kiem/TP-HCM/index.html]
[vinhomegrand-park.com/scripts/jquery968d.js]
[vinhomegrand-park.com/tim-kiem/hinh-anh-thuc-te-tai-du-an-vinhome-grand-park-long-thanh-my-tp-thu-duc-tp-hcm/uploads/version/logo-cty-ico-20250530193734rBEMIlvHnw.ico]
[vinhomegrand-park.com/tim-kiem/hinh-anh-thuc-te-tai-du-an-vinhome-grand-park-long-thanh-my-tp-thu-duc-tp-hcm/index.html]
[vinhomegrand-park.com/tien-ich-du-an-vinhome-grand-park-dang-cap-song-tai-dai-do-thi-thong-minh-bv14/uploads/version/logo-cty-ico-20250530193734rBEMIlvHnw.html]
[vinhomegrand-park.com/templates/css3b1e.css]
[vinhomegrand-park.com/tim-kiem/Tiện/index.html]
[vinhomegrand-park.com/tim-kiem/ích/index.html]
[vinhomegrand-park.com/templates/font-awesome/fonts/fontawesome-webfont3e6e.svg]
[vinhomegrand-park.com/tim-kiem/Vinhome/uploads/version/logo-cty-ico-20250530193734rBEMIlvHnw.html]
[vinhomegrand-park.com/templates/css71f4.css]
[vinhomegrand-park.com/tim-kiem/Grand/uploads/version/logo-cty-ico-20250530193734rBEMIlvHnw.html]
[vinhomegrand-park.com/tim-kiem/Park/uploads/version/logo-cty-ico-20250530193734rBEMIlvHnw.html]
[vinhomegrand-park.com/templates/cssea14.css]
[vinhomegrand-park.com/tim-kiem/TP-HCM/uploads/version/logo-cty-ico-20250530193734rBEMIlvHnw.html]
[vinhomegrand-park.com/templates/css968d.css]
[vinhomegrand-park.com/tim-kiem/hinh-anh-thuc-te-tai-du-an-vinhome-grand-park-long-thanh-my-tp-thu-duc-tp-hcm/uploads/version/logo-cty-ico-20250530193734rBEMIlvHnw.html]
[s7.addthis.com/js/300/addthis_widget.js]
